// Jest Snapshot v1, https://goo.gl/fbAQLP

exports[`Button has a valid snapshot 1`] = `
<button
  className=""
  type="button"
>
  Give me more
</button>
`;

exports[`Search has a valid snapshot 1`] = `
<form>
  Search
   
  <input
    type="text"
  />
  <button
    type="submit"
  >
    Search
  </button>
</form>
`;

exports[`Table has a valid snapshot 1`] = `
<div
  className="table"
>
  <div
    className="table-header"
  >
    <span
      style={
        Object {
          "width": "40%",
        }
      }
    >
      Article Title
    </span>
    <span
      style={
        Object {
          "width": "27%",
        }
      }
    >
      Author
    </span>
    <span
      style={
        Object {
          "width": "11%",
        }
      }
    >
      Comments
    </span>
    <span
      style={
        Object {
          "width": "11%",
        }
      }
    >
      Points
    </span>
    <span
      style={
        Object {
          "width": "11%",
        }
      }
    />
  </div>
  <div
    className="table-row"
  >
    <span
      style={
        Object {
          "width": "40%",
        }
      }
    >
      <a>
        1
      </a>
    </span>
    <span
      style={
        Object {
          "width": "27%",
        }
      }
    >
      1
    </span>
    <span
      style={
        Object {
          "width": "11%",
        }
      }
    >
      1
    </span>
    <span
      style={
        Object {
          "width": "11%",
        }
      }
    >
      2
    </span>
    <span
      style={
        Object {
          "width": "11%",
        }
      }
    >
      <button
        className="button-inline"
        onClick={[Function]}
        type="button"
      >
        Dismiss
      </button>
    </span>
  </div>
  <div
    className="table-row"
  >
    <span
      style={
        Object {
          "width": "40%",
        }
      }
    >
      <a>
        2
      </a>
    </span>
    <span
      style={
        Object {
          "width": "27%",
        }
      }
    >
      2
    </span>
    <span
      style={
        Object {
          "width": "11%",
        }
      }
    >
      1
    </span>
    <span
      style={
        Object {
          "width": "11%",
        }
      }
    >
      2
    </span>
    <span
      style={
        Object {
          "width": "11%",
        }
      }
    >
      <button
        className="button-inline"
        onClick={[Function]}
        type="button"
      >
        Dismiss
      </button>
    </span>
  </div>
</div>
`;
